[debug] [2026-08-14T18:34:54.336Z] ----------------------------------------------------------------------
[debug] [2026-08-14T18:34:54.340Z] Command:       C:\Program Files\nodejs\node.exe C:\Users\israe\AppData\Roaming\npm\node_modules\firebase-tools\lib\bin\firebase.js deploy --only functions
[debug] [2026-08-14T18:34:54.340Z] CLI Version:   15.22.4
[debug] [2026-08-14T18:34:54.340Z] Platform:      win32
[debug] [2026-08-14T18:34:54.340Z] Node Version:  v26.3.1
[debug] [2026-08-14T18:34:54.341Z] Detected Agent: antigravity
[debug] [2026-08-14T18:34:54.341Z] Time:          Fri Aug 14 2026 15:34:54 GMT-0300 (hora estándar de Argentina)
[debug] [2026-08-14T18:34:54.341Z] ----------------------------------------------------------------------
[debug] 
[debug] [2026-08-14T18:34:57.007Z] > command requires scopes: ["email","openid","https://www.googleapis.com/auth/cloudplatformprojects.readonly","https://www.googleapis.com/auth/firebase","https://www.googleapis.com/auth/cloud-platform"]
[debug] [2026-08-14T18:34:58.008Z] Running auto auth
[debug] [2026-08-14T18:34:58.009Z] [iam] checking project locksuite-nueva for permissions ["cloudfunctions.functions.create","cloudfunctions.functions.delete","cloudfunctions.functions.get","cloudfunctions.functions.list","cloudfunctions.functions.update","cloudfunctions.operations.get","firebase.projects.get"]
[debug] [2026-08-14T18:34:58.013Z] No OAuth tokens found
[debug] [2026-08-14T18:34:58.017Z] >>> [apiv2][query] POST https://cloudresourcemanager.googleapis.com/v1/projects/locksuite-nueva:testIamPermissions [none]
[debug] [2026-08-14T18:34:58.017Z] >>> [apiv2][(partial)header] POST https://cloudresourcemanager.googleapis.com/v1/projects/locksuite-nueva:testIamPermissions  x-goog-user-project=locksuite-nueva
[debug] [2026-08-14T18:34:58.018Z] >>> [apiv2][body] POST https://cloudresourcemanager.googleapis.com/v1/projects/locksuite-nueva:testIamPermissions {"permissions":["cloudfunctions.functions.create","cloudfunctions.functions.delete","cloudfunctions.functions.get","cloudfunctions.functions.list","cloudfunctions.functions.update","cloudfunctions.operations.get","firebase.projects.get"]}
[debug] [2026-08-14T18:34:59.090Z] *** [apiv2] retrying https://cloudresourcemanager.googleapis.com/v1/projects/locksuite-nueva:testIamPermissions without keep-alive after a premature close error
[debug] [2026-08-14T18:35:00.105Z] *** [apiv2] Attempting the request again. Attempt number 2
[debug] [2026-08-14T18:35:00.106Z] >>> [apiv2][query] POST https://cloudresourcemanager.googleapis.com/v1/projects/locksuite-nueva:testIamPermissions [none]
[debug] [2026-08-14T18:35:00.106Z] >>> [apiv2][(partial)header] POST https://cloudresourcemanager.googleapis.com/v1/projects/locksuite-nueva:testIamPermissions  x-goog-user-project=locksuite-nueva
[debug] [2026-08-14T18:35:00.107Z] >>> [apiv2][body] POST https://cloudresourcemanager.googleapis.com/v1/projects/locksuite-nueva:testIamPermissions {"permissions":["cloudfunctions.functions.create","cloudfunctions.functions.delete","cloudfunctions.functions.get","cloudfunctions.functions.list","cloudfunctions.functions.update","cloudfunctions.operations.get","firebase.projects.get"]}
[debug] [2026-08-14T18:35:01.062Z] <<< [apiv2][status] POST https://cloudresourcemanager.googleapis.com/v1/projects/locksuite-nueva:testIamPermissions 200
[debug] [2026-08-14T18:35:01.063Z] <<< [apiv2][body] POST https://cloudresourcemanager.googleapis.com/v1/projects/locksuite-nueva:testIamPermissions {"permissions":["cloudfunctions.functions.create","cloudfunctions.functions.delete","cloudfunctions.functions.get","cloudfunctions.functions.list","cloudfunctions.functions.update","cloudfunctions.operations.get","firebase.projects.get"]}
[debug] [2026-08-14T18:35:01.071Z] No OAuth tokens found
[debug] [2026-08-14T18:35:01.072Z] >>> [apiv2][query] POST https://iam.googleapis.com/v1/projects/locksuite-nueva/serviceAccounts/locksuite-nueva@appspot.gserviceaccount.com:testIamPermissions [none]
[debug] [2026-08-14T18:35:01.072Z] >>> [apiv2][body] POST https://iam.googleapis.com/v1/projects/locksuite-nueva/serviceAccounts/locksuite-nueva@appspot.gserviceaccount.com:testIamPermissions {"permissions":["iam.serviceAccounts.actAs"]}
[debug] [2026-08-14T18:35:02.091Z] *** [apiv2] retrying https://iam.googleapis.com/v1/projects/locksuite-nueva/serviceAccounts/locksuite-nueva@appspot.gserviceaccount.com:testIamPermissions without keep-alive after a premature close error
[debug] [2026-08-14T18:35:03.098Z] *** [apiv2] Attempting the request again. Attempt number 2
[debug] [2026-08-14T18:35:03.099Z] >>> [apiv2][query] POST https://iam.googleapis.com/v1/projects/locksuite-nueva/serviceAccounts/locksuite-nueva@appspot.gserviceaccount.com:testIamPermissions [none]
[debug] [2026-08-14T18:35:03.099Z] >>> [apiv2][body] POST https://iam.googleapis.com/v1/projects/locksuite-nueva/serviceAccounts/locksuite-nueva@appspot.gserviceaccount.com:testIamPermissions {"permissions":["iam.serviceAccounts.actAs"]}
[debug] [2026-08-14T18:35:04.120Z] <<< [apiv2][status] POST https://iam.googleapis.com/v1/projects/locksuite-nueva/serviceAccounts/locksuite-nueva@appspot.gserviceaccount.com:testIamPermissions 200
[debug] [2026-08-14T18:35:04.121Z] <<< [apiv2][body] POST https://iam.googleapis.com/v1/projects/locksuite-nueva/serviceAccounts/locksuite-nueva@appspot.gserviceaccount.com:testIamPermissions {"permissions":["iam.serviceAccounts.actAs"]}
[info] 
[info] === Deploying to 'locksuite-nueva'...
[info] 
[info] i  deploying functions 
[debug] [2026-08-14T18:35:04.149Z] No OAuth tokens found
[debug] [2026-08-14T18:35:04.149Z] >>> [apiv2][query] GET https://cloudresourcemanager.googleapis.com/v1/projects/locksuite-nueva [none]
[debug] [2026-08-14T18:35:05.028Z] *** [apiv2] retrying https://cloudresourcemanager.googleapis.com/v1/projects/locksuite-nueva without keep-alive after a premature close error
[debug] [2026-08-14T18:35:06.037Z] *** [apiv2] Attempting the request again. Attempt number 2
[debug] [2026-08-14T18:35:06.038Z] >>> [apiv2][query] GET https://cloudresourcemanager.googleapis.com/v1/projects/locksuite-nueva [none]
[debug] [2026-08-14T18:35:07.198Z] <<< [apiv2][status] GET https://cloudresourcemanager.googleapis.com/v1/projects/locksuite-nueva 200
[debug] [2026-08-14T18:35:07.198Z] <<< [apiv2][body] GET https://cloudresourcemanager.googleapis.com/v1/projects/locksuite-nueva {"projectNumber":"687828714595","projectId":"locksuite-nueva","lifecycleState":"ACTIVE","name":"Locksuite nueva","labels":{"firebase":"enabled","firebase-core":"disabled"},"createTime":"2026-07-06T17:52:44.535Z"}
[info] i  functions: preparing codebase default for deployment 
[info] i  functions: ensuring required API cloudfunctions.googleapis.com is enabled... 
[info] i  functions: ensuring required API cloudbuild.googleapis.com is enabled... 
[info] i  artifactregistry: ensuring required API artifactregistry.googleapis.com is enabled... 
[debug] [2026-08-14T18:35:07.217Z] No OAuth tokens found
[debug] [2026-08-14T18:35:07.218Z] >>> [apiv2][query] GET https://firebase.googleapis.com/v1beta1/projects/locksuite-nueva/adminSdkConfig [none]
[debug] [2026-08-14T18:35:08.243Z] *** [apiv2] retrying https://firebase.googleapis.com/v1beta1/projects/locksuite-nueva/adminSdkConfig without keep-alive after a premature close error
[debug] [2026-08-14T18:35:09.251Z] *** [apiv2] Attempting the request again. Attempt number 2
[debug] [2026-08-14T18:35:09.252Z] >>> [apiv2][query] GET https://firebase.googleapis.com/v1beta1/projects/locksuite-nueva/adminSdkConfig [none]
[debug] [2026-08-14T18:35:10.146Z] <<< [apiv2][status] GET https://firebase.googleapis.com/v1beta1/projects/locksuite-nueva/adminSdkConfig 200
[debug] [2026-08-14T18:35:10.146Z] <<< [apiv2][body] GET https://firebase.googleapis.com/v1beta1/projects/locksuite-nueva/adminSdkConfig {"projectId":"locksuite-nueva","databaseURL":"https://locksuite-nueva-default-rtdb.firebaseio.com","storageBucket":"locksuite-nueva.firebasestorage.app"}
[debug] [2026-08-14T18:35:10.152Z] No OAuth tokens found
[debug] [2026-08-14T18:35:10.153Z] >>> [apiv2][query] GET https://runtimeconfig.googleapis.com/v1beta1/projects/locksuite-nueva/configs [none]
[debug] [2026-08-14T18:35:11.120Z] <<< [apiv2][status] GET https://runtimeconfig.googleapis.com/v1beta1/projects/locksuite-nueva/configs 200
[debug] [2026-08-14T18:35:11.121Z] <<< [apiv2][body] GET https://runtimeconfig.googleapis.com/v1beta1/projects/locksuite-nueva/configs {}
[debug] [2026-08-14T18:35:11.135Z] Validating nodejs source
[warn] !  functions: Runtime Node.js 20 was deprecated on 2026-04-30 and will be decommissioned on 2026-10-30, after which you will not be able to deploy without upgrading. Consider upgrading now to avoid disruption. See https://cloud.google.com/functions/docs/runtime-support for full details on the lifecycle policy 
[warn] !  functions: package.json indicates an outdated version of firebase-functions. Please upgrade using npm install --save firebase-functions@latest in your functions directory. 
[warn] !  functions: Please note that there will be breaking changes when you upgrade. 
[debug] [2026-08-14T18:35:15.129Z] > [functions] package.json contents: {
  "name": "locksuite-admin-functions",
  "description": "Cloud Functions para el panel de administracion remota de LockSuite Kosher",
  "version": "1.0.4",
  "engines": {
    "node": "20"
  },
  "main": "index.js",
  "dependencies": {
    "firebase-admin": "^12.1.1",
    "firebase-functions": "^5.0.1"
  },
  "private": true
}
[debug] [2026-08-14T18:35:15.132Z] Building nodejs source
[info] i  functions: Loading and analyzing source code for codebase default to determine what to deploy 
[debug] [2026-08-14T18:35:15.139Z] Could not find functions.yaml. Must use http discovery
[debug] [2026-08-14T18:35:15.223Z] Found firebase-functions binary at 'C:\Users\israe\OneDrive\Documentos\Lock Suite segunda version\admin-backend\functions\node_modules\.bin\firebase-functions'
[info] Serving at port 8349

[debug] [2026-08-14T18:35:16.533Z] Got response from /__/functions.yaml {"endpoints":{"sendCommandV8":{"availableMemoryMb":null,"timeoutSeconds":null,"minInstances":null,"maxInstances":null,"ingressSettings":null,"concurrency":null,"serviceAccountEmail":null,"vpc":null,"platform":"gcfv2","region":["us-central1"],"labels":{},"httpsTrigger":{"invoker":["public"]},"entryPoint":"sendCommandV8"},"colectivosApi":{"availableMemoryMb":null,"timeoutSeconds":null,"minInstances":null,"maxInstances":null,"ingressSettings":null,"concurrency":null,"serviceAccountEmail":null,"vpc":null,"platform":"gcfv2","region":["us-central1"],"labels":{},"httpsTrigger":{"invoker":["public"]},"entryPoint":"colectivosApi"}},"specVersion":"v1alpha1","requiredAPIs":[],"extensions":{}}
[debug] [2026-08-14T18:35:20.609Z] No OAuth tokens found
[debug] [2026-08-14T18:35:20.609Z] >>> [apiv2][query] GET https://cloudfunctions.googleapis.com/v1/projects/locksuite-nueva/locations/-/functions [none]
[debug] [2026-08-14T18:35:22.237Z] *** [apiv2] retrying https://cloudfunctions.googleapis.com/v1/projects/locksuite-nueva/locations/-/functions without keep-alive after a premature close error
[debug] [2026-08-14T18:35:23.250Z] *** [apiv2] Attempting the request again. Attempt number 2
[debug] [2026-08-14T18:35:23.251Z] >>> [apiv2][query] GET https://cloudfunctions.googleapis.com/v1/projects/locksuite-nueva/locations/-/functions [none]
[debug] [2026-08-14T18:35:24.686Z] <<< [apiv2][status] GET https://cloudfunctions.googleapis.com/v1/projects/locksuite-nueva/locations/-/functions 200
[debug] [2026-08-14T18:35:24.687Z] <<< [apiv2][body] GET https://cloudfunctions.googleapis.com/v1/projects/locksuite-nueva/locations/-/functions {}
[debug] [2026-08-14T18:35:24.698Z] No OAuth tokens found
[debug] [2026-08-14T18:35:24.700Z] >>> [apiv2][query] GET https://cloudfunctions.googleapis.com/v2/projects/locksuite-nueva/locations/-/functions filter=environment%3D%22GEN_2%22
[debug] [2026-08-14T18:35:25.505Z] *** [apiv2] retrying https://cloudfunctions.googleapis.com/v2/projects/locksuite-nueva/locations/-/functions?filter=environment%3D%22GEN_2%22 without keep-alive after a premature close error
[debug] [2026-08-14T18:35:26.509Z] *** [apiv2] Attempting the request again. Attempt number 2
[debug] [2026-08-14T18:35:26.510Z] >>> [apiv2][query] GET https://cloudfunctions.googleapis.com/v2/projects/locksuite-nueva/locations/-/functions filter=environment%3D%22GEN_2%22
[debug] [2026-08-14T18:35:27.959Z] <<< [apiv2][status] GET https://cloudfunctions.googleapis.com/v2/projects/locksuite-nueva/locations/-/functions 200
[debug] [2026-08-14T18:35:27.959Z] <<< [apiv2][body] GET https://cloudfunctions.googleapis.com/v2/projects/locksuite-nueva/locations/-/functions {"functions":[{"name":"projects/locksuite-nueva/locations/us-central1/functions/sendCommandV8","buildConfig":{"build":"projects/687828714595/locations/us-central1/builds/72b8151b-8f2f-498e-9695-8133aa9aae5d","runtime":"nodejs20","entryPoint":"sendCommandV8","source":{"storageSource":{"bucket":"gcf-v2-sources-687828714595-us-central1","object":"sendCommandV8/function-source.zip","generation":"1786305103169308"}},"environmentVariables":{"GOOGLE_NODE_RUN_SCRIPTS":""},"dockerRepository":"projects/locksuite-nueva/locations/us-central1/repositories/gcf-artifacts","sourceProvenance":{"resolvedStorageSource":{"bucket":"gcf-v2-sources-687828714595-us-central1","object":"sendCommandV8/function-source.zip","generation":"1786305103169308"}},"dockerRegistry":"ARTIFACT_REGISTRY","serviceAccount":"projects/locksuite-nueva/serviceAccounts/687828714595-compute@developer.gserviceaccount.com","automaticUpdatePolicy":{}},"serviceConfig":{"service":"projects/locksuite-nueva/locations/us-central1/services/sendcommandv8","timeoutSeconds":60,"environmentVariables":{"FIREBASE_CONFIG":"{\"projectId\":\"locksuite-nueva\",\"databaseURL\":\"https://locksuite-nueva-default-rtdb.firebaseio.com\",\"storageBucket\":\"locksuite-nueva.firebasestorage.app\"}","GCLOUD_PROJECT":"locksuite-nueva","EVENTARC_CLOUD_EVENT_SOURCE":"projects/locksuite-nueva/locations/us-central1/services/sendCommandV8","FUNCTION_TARGET":"sendCommandV8","LOG_EXECUTION_ID":"true","FUNCTION_SIGNATURE_TYPE":"http"},"maxInstanceCount":3,"ingressSettings":"ALLOW_ALL","uri":"https://sendcommandv8-5i52mt6h3q-uc.a.run.app","serviceAccountEmail":"687828714595-compute@developer.gserviceaccount.com","availableMemory":"256Mi","allTrafficOnLatestRevision":true,"revision":"sendcommandv8-00012-cop","maxInstanceRequestConcurrency":80,"availableCpu":"1"},"state":"ACTIVE","updateTime":"2026-08-09T19:52:42.393367431Z","labels":{"deployment-tool":"cli-firebase","firebase-functions-hash":"359f859f4423083f0b5bcf5ce9c554b06193cf6e"},"environment":"GEN_2","url":"https://us-central1-locksuite-nueva.cloudfunctions.net/sendCommandV8","createTime":"2026-07-16T03:23:04.271680279Z","satisfiesPzi":true},{"name":"projects/locksuite-nueva/locations/us-central1/functions/colectivosApi","buildConfig":{"build":"projects/687828714595/locations/us-central1/builds/d11b0d30-3345-419e-ac6e-c668bbe7b9d0","runtime":"nodejs20","entryPoint":"colectivosApi","source":{"storageSource":{"bucket":"gcf-v2-sources-687828714595-us-central1","object":"colectivosApi/function-source.zip","generation":"1786319077746289"}},"environmentVariables":{"GOOGLE_NODE_RUN_SCRIPTS":""},"dockerRepository":"projects/locksuite-nueva/locations/us-central1/repositories/gcf-artifacts","sourceProvenance":{"resolvedStorageSource":{"bucket":"gcf-v2-sources-687828714595-us-central1","object":"colectivosApi/function-source.zip","generation":"1786319077746289"}},"dockerRegistry":"ARTIFACT_REGISTRY","serviceAccount":"projects/locksuite-nueva/serviceAccounts/687828714595-compute@developer.gserviceaccount.com","automaticUpdatePolicy":{}},"serviceConfig":{"service":"projects/locksuite-nueva/locations/us-central1/services/colectivosapi","timeoutSeconds":60,"environmentVariables":{"FIREBASE_CONFIG":"{\"projectId\":\"locksuite-nueva\",\"databaseURL\":\"https://locksuite-nueva-default-rtdb.firebaseio.com\",\"storageBucket\":\"locksuite-nueva.firebasestorage.app\"}","GCLOUD_PROJECT":"locksuite-nueva","EVENTARC_CLOUD_EVENT_SOURCE":"projects/locksuite-nueva/locations/us-central1/services/colectivosApi","FUNCTION_TARGET":"colectivosApi","LOG_EXECUTION_ID":"true"},"maxInstanceCount":3,"ingressSettings":"ALLOW_ALL","uri":"https://colectivosapi-5i52mt6h3q-uc.a.run.app","serviceAccountEmail":"687828714595-compute@developer.gserviceaccount.com","availableMemory":"256Mi","allTrafficOnLatestRevision":true,"revision":"colectivosapi-00003-joy","maxInstanceRequestConcurrency":80,"availableCpu":"1"},"state":"ACTIVE","updateTime":"2026-08-09T23:45:28.771445015Z","labels":{"deployment-tool":"cli-firebase","firebase-functions-hash":"359f859f4423083f0b5bcf5ce9c554b06193cf6e"},"environment":"GEN_2","url":"https://us-central1-locksuite-nueva.cloudfunctions.net/colectivosApi","createTime":"2026-07-27T17:46:16.740976638Z","satisfiesPzi":true}]}
[info] i  extensions: ensuring required API firebaseextensions.googleapis.com is enabled... 
[debug] [2026-08-14T18:35:27.966Z] > command requires scopes: ["email","openid","https://www.googleapis.com/auth/cloudplatformprojects.readonly","https://www.googleapis.com/auth/firebase","https://www.googleapis.com/auth/cloud-platform"]
[debug] [2026-08-14T18:35:27.966Z] Running auto auth
[debug] [2026-08-14T18:35:27.967Z] [iam] checking project locksuite-nueva for permissions ["firebase.projects.get","firebaseextensions.instances.list"]
[debug] [2026-08-14T18:35:27.971Z] No OAuth tokens found
[debug] [2026-08-14T18:35:27.972Z] >>> [apiv2][query] POST https://cloudresourcemanager.googleapis.com/v1/projects/locksuite-nueva:testIamPermissions [none]
[debug] [2026-08-14T18:35:27.972Z] >>> [apiv2][(partial)header] POST https://cloudresourcemanager.googleapis.com/v1/projects/locksuite-nueva:testIamPermissions  x-goog-user-project=locksuite-nueva
[debug] [2026-08-14T18:35:27.972Z] >>> [apiv2][body] POST https://cloudresourcemanager.googleapis.com/v1/projects/locksuite-nueva:testIamPermissions {"permissions":["firebase.projects.get","firebaseextensions.instances.list"]}
[debug] [2026-08-14T18:35:28.814Z] *** [apiv2] retrying https://cloudresourcemanager.googleapis.com/v1/projects/locksuite-nueva:testIamPermissions without keep-alive after a premature close error
[debug] [2026-08-14T18:35:29.830Z] *** [apiv2] Attempting the request again. Attempt number 2
[debug] [2026-08-14T18:35:29.831Z] >>> [apiv2][query] POST https://cloudresourcemanager.googleapis.com/v1/projects/locksuite-nueva:testIamPermissions [none]
[debug] [2026-08-14T18:35:29.831Z] >>> [apiv2][(partial)header] POST https://cloudresourcemanager.googleapis.com/v1/projects/locksuite-nueva:testIamPermissions  x-goog-user-project=locksuite-nueva
[debug] [2026-08-14T18:35:29.832Z] >>> [apiv2][body] POST https://cloudresourcemanager.googleapis.com/v1/projects/locksuite-nueva:testIamPermissions {"permissions":["firebase.projects.get","firebaseextensions.instances.list"]}
[debug] [2026-08-14T18:35:31.033Z] <<< [apiv2][status] POST https://cloudresourcemanager.googleapis.com/v1/projects/locksuite-nueva:testIamPermissions 200
[debug] [2026-08-14T18:35:31.033Z] <<< [apiv2][body] POST https://cloudresourcemanager.googleapis.com/v1/projects/locksuite-nueva:testIamPermissions {"permissions":["firebase.projects.get","firebaseextensions.instances.list"]}
[debug] [2026-08-14T18:35:31.039Z] No OAuth tokens found
[debug] [2026-08-14T18:35:31.039Z] >>> [apiv2][query] GET https://firebaseextensions.googleapis.com/v1beta/projects/locksuite-nueva/instances pageSize=100&pageToken=
[debug] [2026-08-14T18:35:32.075Z] *** [apiv2] retrying https://firebaseextensions.googleapis.com/v1beta/projects/locksuite-nueva/instances?pageSize=100&pageToken= without keep-alive after a premature close error
[debug] [2026-08-14T18:35:33.088Z] *** [apiv2] Attempting the request again. Attempt number 2
[debug] [2026-08-14T18:35:33.088Z] >>> [apiv2][query] GET https://firebaseextensions.googleapis.com/v1beta/projects/locksuite-nueva/instances pageSize=100&pageToken=
[debug] [2026-08-14T18:35:34.048Z] <<< [apiv2][status] GET https://firebaseextensions.googleapis.com/v1beta/projects/locksuite-nueva/instances 200
[debug] [2026-08-14T18:35:34.049Z] <<< [apiv2][body] GET https://firebaseextensions.googleapis.com/v1beta/projects/locksuite-nueva/instances {}
[info] i  functions: preparing functions directory for uploading... 
[info] i  functions: packaged C:\Users\israe\OneDrive\Documentos\Lock Suite segunda version\admin-backend\functions (35.53 KB) for uploading 
[info] i  functions: ensuring required API run.googleapis.com is enabled... 
[info] i  functions: ensuring required API eventarc.googleapis.com is enabled... 
[info] i  functions: ensuring required API pubsub.googleapis.com is enabled... 
[info] i  functions: ensuring required API storage.googleapis.com is enabled... 
[info] i  functions: generating the service identity for pubsub.googleapis.com... 
[debug] [2026-08-14T18:35:34.172Z] No OAuth tokens found
[info] i  functions: generating the service identity for eventarc.googleapis.com... 
[debug] [2026-08-14T18:35:34.174Z] No OAuth tokens found
[debug] [2026-08-14T18:35:34.174Z] >>> [apiv2][query] POST https://serviceusage.googleapis.com/v1beta1/projects/687828714595/services/pubsub.googleapis.com:generateServiceIdentity [none]
[debug] [2026-08-14T18:35:34.174Z] >>> [apiv2][(partial)header] POST https://serviceusage.googleapis.com/v1beta1/projects/687828714595/services/pubsub.googleapis.com:generateServiceIdentity  x-goog-user-project=687828714595
[debug] [2026-08-14T18:35:34.174Z] >>> [apiv2][body] POST https://serviceusage.googleapis.com/v1beta1/projects/687828714595/services/pubsub.googleapis.com:generateServiceIdentity {}
[debug] [2026-08-14T18:35:34.176Z] >>> [apiv2][query] POST https://serviceusage.googleapis.com/v1beta1/projects/687828714595/services/eventarc.googleapis.com:generateServiceIdentity [none]
[debug] [2026-08-14T18:35:34.176Z] >>> [apiv2][(partial)header] POST https://serviceusage.googleapis.com/v1beta1/projects/687828714595/services/eventarc.googleapis.com:generateServiceIdentity  x-goog-user-project=687828714595
[debug] [2026-08-14T18:35:34.176Z] >>> [apiv2][body] POST https://serviceusage.googleapis.com/v1beta1/projects/687828714595/services/eventarc.googleapis.com:generateServiceIdentity {}
[debug] [2026-08-14T18:35:35.376Z] *** [apiv2] retrying https://serviceusage.googleapis.com/v1beta1/projects/687828714595/services/eventarc.googleapis.com:generateServiceIdentity without keep-alive after a premature close error
[debug] [2026-08-14T18:35:35.412Z] *** [apiv2] retrying https://serviceusage.googleapis.com/v1beta1/projects/687828714595/services/pubsub.googleapis.com:generateServiceIdentity without keep-alive after a premature close error
[debug] [2026-08-14T18:35:36.383Z] *** [apiv2] Attempting the request again. Attempt number 2
[debug] [2026-08-14T18:35:36.383Z] >>> [apiv2][query] POST https://serviceusage.googleapis.com/v1beta1/projects/687828714595/services/eventarc.googleapis.com:generateServiceIdentity [none]
[debug] [2026-08-14T18:35:36.383Z] >>> [apiv2][(partial)header] POST https://serviceusage.googleapis.com/v1beta1/projects/687828714595/services/eventarc.googleapis.com:generateServiceIdentity  x-goog-user-project=687828714595
[debug] [2026-08-14T18:35:36.383Z] >>> [apiv2][body] POST https://serviceusage.googleapis.com/v1beta1/projects/687828714595/services/eventarc.googleapis.com:generateServiceIdentity {}
[debug] [2026-08-14T18:35:36.414Z] *** [apiv2] Attempting the request again. Attempt number 2
[debug] [2026-08-14T18:35:36.414Z] >>> [apiv2][query] POST https://serviceusage.googleapis.com/v1beta1/projects/687828714595/services/pubsub.googleapis.com:generateServiceIdentity [none]
[debug] [2026-08-14T18:35:36.414Z] >>> [apiv2][(partial)header] POST https://serviceusage.googleapis.com/v1beta1/projects/687828714595/services/pubsub.googleapis.com:generateServiceIdentity  x-goog-user-project=687828714595
[debug] [2026-08-14T18:35:36.415Z] >>> [apiv2][body] POST https://serviceusage.googleapis.com/v1beta1/projects/687828714595/services/pubsub.googleapis.com:generateServiceIdentity {}
[debug] [2026-08-14T18:35:37.424Z] <<< [apiv2][status] POST https://serviceusage.googleapis.com/v1beta1/projects/687828714595/services/pubsub.googleapis.com:generateServiceIdentity 200
[debug] [2026-08-14T18:35:37.424Z] <<< [apiv2][body] POST https://serviceusage.googleapis.com/v1beta1/projects/687828714595/services/pubsub.googleapis.com:generateServiceIdentity {"name":"operations/finished.DONE_OPERATION","done":true,"response":{"@type":"type.googleapis.com/google.api.serviceusage.v1beta1.ServiceIdentity","email":"service-687828714595@gcp-sa-pubsub.iam.gserviceaccount.com","uniqueId":"109453123898008866244"}}
[debug] [2026-08-14T18:35:37.469Z] <<< [apiv2][status] POST https://serviceusage.googleapis.com/v1beta1/projects/687828714595/services/eventarc.googleapis.com:generateServiceIdentity 200
[debug] [2026-08-14T18:35:37.470Z] <<< [apiv2][body] POST https://serviceusage.googleapis.com/v1beta1/projects/687828714595/services/eventarc.googleapis.com:generateServiceIdentity {"name":"operations/finished.DONE_OPERATION","done":true,"response":{"@type":"type.googleapis.com/google.api.serviceusage.v1beta1.ServiceIdentity","email":"service-687828714595@gcp-sa-eventarc.iam.gserviceaccount.com","uniqueId":"117834205836380217602"}}
[debug] [2026-08-14T18:35:37.479Z] No OAuth tokens found
[debug] [2026-08-14T18:35:37.479Z] >>> [apiv2][query] GET https://cloudresourcemanager.googleapis.com/v1/projects/locksuite-nueva [none]
[debug] [2026-08-14T18:35:38.447Z] *** [apiv2] retrying https://cloudresourcemanager.googleapis.com/v1/projects/locksuite-nueva without keep-alive after a premature close error
[debug] [2026-08-14T18:35:39.456Z] *** [apiv2] Attempting the request again. Attempt number 2
[debug] [2026-08-14T18:35:39.457Z] >>> [apiv2][query] GET https://cloudresourcemanager.googleapis.com/v1/projects/locksuite-nueva [none]
[debug] [2026-08-14T18:35:40.420Z] <<< [apiv2][status] GET https://cloudresourcemanager.googleapis.com/v1/projects/locksuite-nueva 200
[debug] [2026-08-14T18:35:40.421Z] <<< [apiv2][body] GET https://cloudresourcemanager.googleapis.com/v1/projects/locksuite-nueva {"projectNumber":"687828714595","projectId":"locksuite-nueva","lifecycleState":"ACTIVE","name":"Locksuite nueva","labels":{"firebase":"enabled","firebase-core":"disabled"},"createTime":"2026-07-06T17:52:44.535Z"}
[debug] [2026-08-14T18:35:40.428Z] No OAuth tokens found
[debug] [2026-08-14T18:35:40.429Z] >>> [apiv2][query] GET https://compute.googleapis.com/compute/v1/projects/687828714595 [none]
[debug] [2026-08-14T18:35:41.580Z] *** [apiv2] retrying https://compute.googleapis.com/compute/v1/projects/687828714595 without keep-alive after a premature close error
[debug] [2026-08-14T18:35:42.597Z] *** [apiv2] Attempting the request again. Attempt number 2
[debug] [2026-08-14T18:35:42.598Z] >>> [apiv2][query] GET https://compute.googleapis.com/compute/v1/projects/687828714595 [none]
[debug] [2026-08-14T18:35:43.740Z] <<< [apiv2][status] GET https://compute.googleapis.com/compute/v1/projects/687828714595 200
[debug] [2026-08-14T18:35:43.741Z] <<< [apiv2][body] GET https://compute.googleapis.com/compute/v1/projects/687828714595 {"kind":"compute#project","id":"4915250667809026109","creationTimestamp":"2026-08-02T11:39:14.563-07:00","name":"locksuite-nueva","commonInstanceMetadata":{"kind":"compute#metadata","fingerprint":"-A_WWsgQ1HE="},"quotas":[{"metric":"SNAPSHOTS","limit":1000,"usage":0},{"metric":"NETWORKS","limit":5,"usage":1},{"metric":"FIREWALLS","limit":100,"usage":6},{"metric":"IMAGES","limit":100,"usage":0},{"metric":"STATIC_ADDRESSES","limit":8,"usage":0},{"metric":"ROUTES","limit":200,"usage":0},{"metric":"FORWARDING_RULES","limit":15,"usage":0},{"metric":"TARGET_POOLS","limit":50,"usage":0},{"metric":"HEALTH_CHECKS","limit":75,"usage":0},{"metric":"IN_USE_ADDRESSES","limit":4,"usage":0},{"metric":"TARGET_INSTANCES","limit":50,"usage":0},{"metric":"TARGET_HTTP_PROXIES","limit":10,"usage":0},{"metric":"URL_MAPS","limit":10,"usage":0},{"metric":"BACKEND_SERVICES","limit":50,"usage":0},{"metric":"INSTANCE_TEMPLATES","limit":100,"usage":0},{"metric":"TARGET_VPN_GATEWAYS","limit":5,"usage":0},{"metric":"VPN_TUNNELS","limit":10,"usage":0},{"metric":"BACKEND_BUCKETS","limit":3,"usage":0},{"metric":"ROUTERS","limit":10,"usage":0},{"metric":"TARGET_SSL_PROXIES","limit":10,"usage":0},{"metric":"TARGET_HTTPS_PROXIES","limit":10,"usage":0},{"metric":"SSL_CERTIFICATES","limit":10,"usage":0},{"metric":"SUBNETWORKS","limit":100,"usage":0},{"metric":"TARGET_TCP_PROXIES","limit":10,"usage":0},{"metric":"CPUS_ALL_REGIONS","limit":12,"usage":1},{"metric":"SECURITY_POLICIES","limit":0,"usage":0},{"metric":"SECURITY_POLICY_RULES","limit":0,"usage":0},{"metric":"XPN_SERVICE_PROJECTS","limit":1000,"usage":0},{"metric":"PACKET_MIRRORINGS","limit":20,"usage":0},{"metric":"NETWORK_ENDPOINT_GROUPS","limit":100,"usage":0},{"metric":"INTERCONNECTS","limit":6,"usage":0},{"metric":"SSL_POLICIES","limit":10,"usage":0},{"metric":"GLOBAL_INTERNAL_ADDRESSES","limit":5000,"usage":0},{"metric":"VPN_GATEWAYS","limit":5,"usage":0},{"metric":"MACHINE_IMAGES","limit":100,"usage":0},{"metric":"SECURITY_POLICY_CEVAL_RULES","limit":0,"usage":0},{"metric":"GPUS_ALL_REGIONS","limit":0,"usage":0},{"metric":"EXTERNAL_VPN_GATEWAYS","limit":5,"usage":0},{"metric":"PUBLIC_ADVERTISED_PREFIXES","limit":1,"usage":0},{"metric":"PUBLIC_DELEGATED_PREFIXES","limit":10,"usage":0},{"metric":"STATIC_BYOIP_ADDRESSES","limit":128,"usage":0},{"metric":"NETWORK_FIREWALL_POLICIES","limit":10,"usage":0},{"metric":"INTERNAL_TRAFFIC_DIRECTOR_FORWARDING_RULES","limit":15,"usage":0},{"metric":"GLOBAL_EXTERNAL_MANAGED_FORWARDING_RULES","limit":15,"usage":0},{"metric":"GLOBAL_INTERNAL_MANAGED_BACKEND_SERVICES","limit":50,"usage":0},{"metric":"GLOBAL_EXTERNAL_MANAGED_BACKEND_SERVICES","limit":50,"usage":0},{"metric":"GLOBAL_EXTERNAL_PROXY_LB_BACKEND_SERVICES","limit":50,"usage":0},{"metric":"GLOBAL_INTERNAL_TRAFFIC_DIRECTOR_BACKEND_SERVICES","limit":100,"usage":0}],"selfLink":"https://www.googleapis.com/compute/v1/projects/locksuite-nueva","defaultServiceAccount":"687828714595-compute@developer.gserviceaccount.com","xpnProjectStatus":"UNSPECIFIED_XPN_PROJECT_STATUS","defaultNetworkTier":"PREMIUM","vmDnsSetting":"ZONAL_ONLY","cloudArmorTier":"CA_STANDARD"}
[debug] [2026-08-14T18:35:43.749Z] No OAuth tokens found
[debug] [2026-08-14T18:35:43.750Z] >>> [apiv2][query] GET https://cloudbilling.googleapis.com/v1/projects/locksuite-nueva/billingInfo [none]
[debug] [2026-08-14T18:35:43.750Z] >>> [apiv2][(partial)header] GET https://cloudbilling.googleapis.com/v1/projects/locksuite-nueva/billingInfo  x-goog-user-project=locksuite-nueva
[debug] [2026-08-14T18:35:44.754Z] *** [apiv2] retrying https://cloudbilling.googleapis.com/v1/projects/locksuite-nueva/billingInfo without keep-alive after a premature close error
[debug] [2026-08-14T18:35:45.767Z] *** [apiv2] Attempting the request again. Attempt number 2
[debug] [2026-08-14T18:35:45.768Z] >>> [apiv2][query] GET https://cloudbilling.googleapis.com/v1/projects/locksuite-nueva/billingInfo [none]
[debug] [2026-08-14T18:35:45.769Z] >>> [apiv2][(partial)header] GET https://cloudbilling.googleapis.com/v1/projects/locksuite-nueva/billingInfo  x-goog-user-project=locksuite-nueva
[debug] [2026-08-14T18:35:46.715Z] <<< [apiv2][status] GET https://cloudbilling.googleapis.com/v1/projects/locksuite-nueva/billingInfo 200
[debug] [2026-08-14T18:35:46.715Z] <<< [apiv2][body] GET https://cloudbilling.googleapis.com/v1/projects/locksuite-nueva/billingInfo {"name":"projects/locksuite-nueva/billingInfo","projectId":"locksuite-nueva","billingAccountName":"billingAccounts/01B54A-EFC980-20BDE7","billingEnabled":true}
[debug] [2026-08-14T18:35:46.722Z] No OAuth tokens found
[debug] [2026-08-14T18:35:46.723Z] >>> [apiv2][query] POST https://cloudfunctions.googleapis.com/v2/projects/locksuite-nueva/locations/us-central1/functions:generateUploadUrl [none]
[debug] [2026-08-14T18:35:47.929Z] *** [apiv2] retrying https://cloudfunctions.googleapis.com/v2/projects/locksuite-nueva/locations/us-central1/functions:generateUploadUrl without keep-alive after a premature close error
[debug] [2026-08-14T18:35:48.933Z] *** [apiv2] Attempting the request again. Attempt number 2
[debug] [2026-08-14T18:35:48.934Z] >>> [apiv2][query] POST https://cloudfunctions.googleapis.com/v2/projects/locksuite-nueva/locations/us-central1/functions:generateUploadUrl [none]
[debug] [2026-08-14T18:35:50.076Z] <<< [apiv2][status] POST https://cloudfunctions.googleapis.com/v2/projects/locksuite-nueva/locations/us-central1/functions:generateUploadUrl 200
[debug] [2026-08-14T18:35:50.076Z] <<< [apiv2][body] POST https://cloudfunctions.googleapis.com/v2/projects/locksuite-nueva/locations/us-central1/functions:generateUploadUrl {"uploadUrl":"https://storage.googleapis.com/gcf-v2-uploads-687828714595.us-central1.cloudfunctions.appspot.com/998ca8a0-1fd6-4519-bcd0-d1117f06befb.zip?GoogleAccessId=service-687828714595@gcf-admin-robot.iam.gserviceaccount.com&Expires=1786734349&Signature=KQQNhla7Evy4Y3SdSZuTJvVNDt5cnj9R7I8izwbx3qPT8MGz1dX%2FtYJctuDPVZlXMOYR6x6zzqsXcHiU3y4ts3yl3p9tg9Y7pjGtNZuNUPaPXMzLC%2FxAJkx3ljUyQz7vadLBZqHUbhsaQ5lJ%2BLny5HlDhMnDLCWOn0MwlqvhY4diKWJTFlvYnVWuCBJ3gP13kBjr%2FJkL4GFRUWXMWMoWD97VDQtTWA%2BR1uIeIyLF9vQneI%2Bpouqp329x5VAw0HYB4JtAQG0hHJGb231ZKkyU5oM7Htr5pKMVudFhzt4QwyKrC54I0TKFD5f7XSJ0rizs2dzjqzvPExKbjZLRrsfzDw%3D%3D","storageSource":{"bucket":"gcf-v2-uploads-687828714595.us-central1.cloudfunctions.appspot.com","object":"998ca8a0-1fd6-4519-bcd0-d1117f06befb.zip"}}
[debug] [2026-08-14T18:35:50.077Z] >>> [apiv2][query] PUT https://storage.googleapis.com/gcf-v2-uploads-687828714595.us-central1.cloudfunctions.appspot.com/998ca8a0-1fd6-4519-bcd0-d1117f06befb.zip GoogleAccessId=service-687828714595%40gcf-admin-robot.iam.gserviceaccount.com&Expires=1786734349&Signature=KQQNhla7Evy4Y3SdSZuTJvVNDt5cnj9R7I8izwbx3qPT8MGz1dX%2FtYJctuDPVZlXMOYR6x6zzqsXcHiU3y4ts3yl3p9tg9Y7pjGtNZuNUPaPXMzLC%2FxAJkx3ljUyQz7vadLBZqHUbhsaQ5lJ%2BLny5HlDhMnDLCWOn0MwlqvhY4diKWJTFlvYnVWuCBJ3gP13kBjr%2FJkL4GFRUWXMWMoWD97VDQtTWA%2BR1uIeIyLF9vQneI%2Bpouqp329x5VAw0HYB4JtAQG0hHJGb231ZKkyU5oM7Htr5pKMVudFhzt4QwyKrC54I0TKFD5f7XSJ0rizs2dzjqzvPExKbjZLRrsfzDw%3D%3D
[debug] [2026-08-14T18:35:50.078Z] >>> [apiv2][body] PUT https://storage.googleapis.com/gcf-v2-uploads-687828714595.us-central1.cloudfunctions.appspot.com/998ca8a0-1fd6-4519-bcd0-d1117f06befb.zip [stream]
[debug] [2026-08-14T18:35:51.716Z] <<< [apiv2][status] PUT https://storage.googleapis.com/gcf-v2-uploads-687828714595.us-central1.cloudfunctions.appspot.com/998ca8a0-1fd6-4519-bcd0-d1117f06befb.zip 200
[debug] [2026-08-14T18:35:51.717Z] <<< [apiv2][body] PUT https://storage.googleapis.com/gcf-v2-uploads-687828714595.us-central1.cloudfunctions.appspot.com/998ca8a0-1fd6-4519-bcd0-d1117f06befb.zip [omitted]
[info] +  functions: functions source uploaded successfully 
[info] i  functions: updating Node.js 20 (2nd Gen) function sendCommandV8(us-central1)... 
[info] i  functions: updating Node.js 20 (2nd Gen) function colectivosApi(us-central1)... 
[debug] [2026-08-14T18:35:51.749Z] No OAuth tokens found
[debug] [2026-08-14T18:35:51.751Z] >>> [apiv2][query] PATCH https://cloudfunctions.googleapis.com/v2/projects/locksuite-nueva/locations/us-central1/functions/sendCommandV8 updateMask=name%2CbuildConfig.runtime%2CbuildConfig.entryPoint%2CbuildConfig.source.storageSource.bucket%2CbuildConfig.source.storageSource.object%2CbuildConfig.environmentVariables%2CbuildConfig.sourceToken%2CserviceConfig.environmentVariables%2CserviceConfig.ingressSettings%2CserviceConfig.timeoutSeconds%2CserviceConfig.serviceAccountEmail%2CserviceConfig.availableMemory%2CserviceConfig.minInstanceCount%2CserviceConfig.maxInstanceCount%2CserviceConfig.maxInstanceRequestConcurrency%2CserviceConfig.availableCpu%2CserviceConfig.vpcConnector%2CserviceConfig.vpcConnectorEgressSettings%2CserviceConfig.directVpcNetworkInterface%2CserviceConfig.directVpcEgress%2Clabels
[debug] [2026-08-14T18:35:51.752Z] >>> [apiv2][body] PATCH https://cloudfunctions.googleapis.com/v2/projects/locksuite-nueva/locations/us-central1/functions/sendCommandV8 {"name":"projects/locksuite-nueva/locations/us-central1/functions/sendCommandV8","buildConfig":{"runtime":"nodejs20","entryPoint":"sendCommandV8","source":{"storageSource":{"bucket":"gcf-v2-uploads-687828714595.us-central1.cloudfunctions.appspot.com","object":"998ca8a0-1fd6-4519-bcd0-d1117f06befb.zip"}},"environmentVariables":{"GOOGLE_NODE_RUN_SCRIPTS":""}},"serviceConfig":{"environmentVariables":{"FIREBASE_CONFIG":"{\"projectId\":\"locksuite-nueva\",\"databaseURL\":\"https://locksuite-nueva-default-rtdb.firebaseio.com\",\"storageBucket\":\"locksuite-nueva.firebasestorage.app\"}","GCLOUD_PROJECT":"locksuite-nueva","EVENTARC_CLOUD_EVENT_SOURCE":"projects/locksuite-nueva/locations/us-central1/services/sendCommandV8","FUNCTION_TARGET":"sendCommandV8","LOG_EXECUTION_ID":"true","FUNCTION_SIGNATURE_TYPE":"http"},"ingressSettings":null,"timeoutSeconds":null,"serviceAccountEmail":null,"availableMemory":"256Mi","minInstanceCount":null,"maxInstanceCount":null,"maxInstanceRequestConcurrency":80,"availableCpu":"1","vpcConnector":null,"vpcConnectorEgressSettings":null,"directVpcNetworkInterface":null,"directVpcEgress":null},"labels":{"deployment-tool":"cli-firebase","firebase-functions-hash":"5a7525cf6405c2b6359fbd5bb99735f5fc313704"}}
[debug] [2026-08-14T18:35:53.561Z] *** [apiv2] retrying https://cloudfunctions.googleapis.com/v2/projects/locksuite-nueva/locations/us-central1/functions/sendCommandV8?updateMask=name%2CbuildConfig.runtime%2CbuildConfig.entryPoint%2CbuildConfig.source.storageSource.bucket%2CbuildConfig.source.storageSource.object%2CbuildConfig.environmentVariables%2CbuildConfig.sourceToken%2CserviceConfig.environmentVariables%2CserviceConfig.ingressSettings%2CserviceConfig.timeoutSeconds%2CserviceConfig.serviceAccountEmail%2CserviceConfig.availableMemory%2CserviceConfig.minInstanceCount%2CserviceConfig.maxInstanceCount%2CserviceConfig.maxInstanceRequestConcurrency%2CserviceConfig.availableCpu%2CserviceConfig.vpcConnector%2CserviceConfig.vpcConnectorEgressSettings%2CserviceConfig.directVpcNetworkInterface%2CserviceConfig.directVpcEgress%2Clabels without keep-alive after a premature close error
[debug] [2026-08-14T18:35:54.567Z] *** [apiv2] Attempting the request again. Attempt number 2
[debug] [2026-08-14T18:35:54.568Z] >>> [apiv2][query] PATCH https://cloudfunctions.googleapis.com/v2/projects/locksuite-nueva/locations/us-central1/functions/sendCommandV8 updateMask=name%2CbuildConfig.runtime%2CbuildConfig.entryPoint%2CbuildConfig.source.storageSource.bucket%2CbuildConfig.source.storageSource.object%2CbuildConfig.environmentVariables%2CbuildConfig.sourceToken%2CserviceConfig.environmentVariables%2CserviceConfig.ingressSettings%2CserviceConfig.timeoutSeconds%2CserviceConfig.serviceAccountEmail%2CserviceConfig.availableMemory%2CserviceConfig.minInstanceCount%2CserviceConfig.maxInstanceCount%2CserviceConfig.maxInstanceRequestConcurrency%2CserviceConfig.availableCpu%2CserviceConfig.vpcConnector%2CserviceConfig.vpcConnectorEgressSettings%2CserviceConfig.directVpcNetworkInterface%2CserviceConfig.directVpcEgress%2Clabels
[debug] [2026-08-14T18:35:54.569Z] >>> [apiv2][body] PATCH https://cloudfunctions.googleapis.com/v2/projects/locksuite-nueva/locations/us-central1/functions/sendCommandV8 {"name":"projects/locksuite-nueva/locations/us-central1/functions/sendCommandV8","buildConfig":{"runtime":"nodejs20","entryPoint":"sendCommandV8","source":{"storageSource":{"bucket":"gcf-v2-uploads-687828714595.us-central1.cloudfunctions.appspot.com","object":"998ca8a0-1fd6-4519-bcd0-d1117f06befb.zip"}},"environmentVariables":{"GOOGLE_NODE_RUN_SCRIPTS":""}},"serviceConfig":{"environmentVariables":{"FIREBASE_CONFIG":"{\"projectId\":\"locksuite-nueva\",\"databaseURL\":\"https://locksuite-nueva-default-rtdb.firebaseio.com\",\"storageBucket\":\"locksuite-nueva.firebasestorage.app\"}","GCLOUD_PROJECT":"locksuite-nueva","EVENTARC_CLOUD_EVENT_SOURCE":"projects/locksuite-nueva/locations/us-central1/services/sendCommandV8","FUNCTION_TARGET":"sendCommandV8","LOG_EXECUTION_ID":"true","FUNCTION_SIGNATURE_TYPE":"http"},"ingressSettings":null,"timeoutSeconds":null,"serviceAccountEmail":null,"availableMemory":"256Mi","minInstanceCount":null,"maxInstanceCount":null,"maxInstanceRequestConcurrency":80,"availableCpu":"1","vpcConnector":null,"vpcConnectorEgressSettings":null,"directVpcNetworkInterface":null,"directVpcEgress":null},"labels":{"deployment-tool":"cli-firebase","firebase-functions-hash":"5a7525cf6405c2b6359fbd5bb99735f5fc313704"}}
[debug] [2026-08-14T19:49:07.905Z] *** [apiv2] error from fetch(https://cloudfunctions.googleapis.com/v2/projects/locksuite-nueva/locations/us-central1/functions/sendCommandV8?updateMask=name%2CbuildConfig.runtime%2CbuildConfig.entryPoint%2CbuildConfig.source.storageSource.bucket%2CbuildConfig.source.storageSource.object%2CbuildConfig.environmentVariables%2CbuildConfig.sourceToken%2CserviceConfig.environmentVariables%2CserviceConfig.ingressSettings%2CserviceConfig.timeoutSeconds%2CserviceConfig.serviceAccountEmail%2CserviceConfig.availableMemory%2CserviceConfig.minInstanceCount%2CserviceConfig.maxInstanceCount%2CserviceConfig.maxInstanceRequestConcurrency%2CserviceConfig.availableCpu%2CserviceConfig.vpcConnector%2CserviceConfig.vpcConnectorEgressSettings%2CserviceConfig.directVpcNetworkInterface%2CserviceConfig.directVpcEgress%2Clabels, {"headers":{},"method":"PATCH","body":"{\"name\":\"projects/locksuite-nueva/locations/us-central1/functions/sendCommandV8\",\"buildConfig\":{\"runtime\":\"nodejs20\",\"entryPoint\":\"sendCommandV8\",\"source\":{\"storageSource\":{\"bucket\":\"gcf-v2-uploads-687828714595.us-central1.cloudfunctions.appspot.com\",\"object\":\"998ca8a0-1fd6-4519-bcd0-d1117f06befb.zip\"}},\"environmentVariables\":{\"GOOGLE_NODE_RUN_SCRIPTS\":\"\"}},\"serviceConfig\":{\"environmentVariables\":{\"FIREBASE_CONFIG\":\"{\\\"projectId\\\":\\\"locksuite-nueva\\\",\\\"databaseURL\\\":\\\"https://locksuite-nueva-default-rtdb.firebaseio.com\\\",\\\"storageBucket\\\":\\\"locksuite-nueva.firebasestorage.app\\\"}\",\"GCLOUD_PROJECT\":\"locksuite-nueva\",\"EVENTARC_CLOUD_EVENT_SOURCE\":\"projects/locksuite-nueva/locations/us-central1/services/sendCommandV8\",\"FUNCTION_TARGET\":\"sendCommandV8\",\"LOG_EXECUTION_ID\":\"true\",\"FUNCTION_SIGNATURE_TYPE\":\"http\"},\"ingressSettings\":null,\"timeoutSeconds\":null,\"serviceAccountEmail\":null,\"availableMemory\":\"256Mi\",\"minInstanceCount\":null,\"maxInstanceCount\":null,\"maxInstanceRequestConcurrency\":80,\"availableCpu\":\"1\",\"vpcConnector\":null,\"vpcConnectorEgressSettings\":null,\"directVpcNetworkInterface\":null,\"directVpcEgress\":null},\"labels\":{\"deployment-tool\":\"cli-firebase\",\"firebase-functions-hash\":\"5a7525cf6405c2b6359fbd5bb99735f5fc313704\"}}"}): FetchError: request to https://cloudfunctions.googleapis.com/v2/projects/locksuite-nueva/locations/us-central1/functions/sendCommandV8?updateMask=name%2CbuildConfig.runtime%2CbuildConfig.entryPoint%2CbuildConfig.source.storageSource.bucket%2CbuildConfig.source.storageSource.object%2CbuildConfig.environmentVariables%2CbuildConfig.sourceToken%2CserviceConfig.environmentVariables%2CserviceConfig.ingressSettings%2CserviceConfig.timeoutSeconds%2CserviceConfig.serviceAccountEmail%2CserviceConfig.availableMemory%2CserviceConfig.minInstanceCount%2CserviceConfig.maxInstanceCount%2CserviceConfig.maxInstanceRequestConcurrency%2CserviceConfig.availableCpu%2CserviceConfig.vpcConnector%2CserviceConfig.vpcConnectorEgressSettings%2CserviceConfig.directVpcNetworkInterface%2CserviceConfig.directVpcEgress%2Clabels failed, reason: socket hang up
[warn] !  functions: Failed to make request to https://cloudfunctions.googleapis.com/v2/projects/locksuite-nueva/locations/us-central1/functions/sendCommandV8?updateMask=name%2CbuildConfig.runtime%2CbuildConfig.entryPoint%2CbuildConfig.source.storageSource.bucket%2CbuildConfig.source.storageSource.object%2CbuildConfig.environmentVariables%2CbuildConfig.sourceToken%2CserviceConfig.environmentVariables%2CserviceConfig.ingressSettings%2CserviceConfig.timeoutSeconds%2CserviceConfig.serviceAccountEmail%2CserviceConfig.availableMemory%2CserviceConfig.minInstanceCount%2CserviceConfig.maxInstanceCount%2CserviceConfig.maxInstanceRequestConcurrency%2CserviceConfig.availableCpu%2CserviceConfig.vpcConnector%2CserviceConfig.vpcConnectorEgressSettings%2CserviceConfig.directVpcNetworkInterface%2CserviceConfig.directVpcEgress%2Clabels 
[warn] !  functions:  failed to update function projects/locksuite-nueva/locations/us-central1/functions/sendCommandV8 
[error] Failed to update function projects/locksuite-nueva/locations/us-central1/functions/sendCommandV8
[debug] [2026-08-14T19:49:07.939Z] No OAuth tokens found
[debug] [2026-08-14T19:49:07.940Z] >>> [apiv2][query] PATCH https://cloudfunctions.googleapis.com/v2/projects/locksuite-nueva/locations/us-central1/functions/colectivosApi updateMask=name%2CbuildConfig.runtime%2CbuildConfig.entryPoint%2CbuildConfig.source.storageSource.bucket%2CbuildConfig.source.storageSource.object%2CbuildConfig.environmentVariables%2CbuildConfig.sourceToken%2CserviceConfig.environmentVariables%2CserviceConfig.ingressSettings%2CserviceConfig.timeoutSeconds%2CserviceConfig.serviceAccountEmail%2CserviceConfig.availableMemory%2CserviceConfig.minInstanceCount%2CserviceConfig.maxInstanceCount%2CserviceConfig.maxInstanceRequestConcurrency%2CserviceConfig.availableCpu%2CserviceConfig.vpcConnector%2CserviceConfig.vpcConnectorEgressSettings%2CserviceConfig.directVpcNetworkInterface%2CserviceConfig.directVpcEgress%2Clabels
[debug] [2026-08-14T19:49:07.940Z] >>> [apiv2][body] PATCH https://cloudfunctions.googleapis.com/v2/projects/locksuite-nueva/locations/us-central1/functions/colectivosApi {"name":"projects/locksuite-nueva/locations/us-central1/functions/colectivosApi","buildConfig":{"runtime":"nodejs20","entryPoint":"colectivosApi","source":{"storageSource":{"bucket":"gcf-v2-uploads-687828714595.us-central1.cloudfunctions.appspot.com","object":"998ca8a0-1fd6-4519-bcd0-d1117f06befb.zip"}},"environmentVariables":{"GOOGLE_NODE_RUN_SCRIPTS":""}},"serviceConfig":{"environmentVariables":{"FIREBASE_CONFIG":"{\"projectId\":\"locksuite-nueva\",\"databaseURL\":\"https://locksuite-nueva-default-rtdb.firebaseio.com\",\"storageBucket\":\"locksuite-nueva.firebasestorage.app\"}","GCLOUD_PROJECT":"locksuite-nueva","EVENTARC_CLOUD_EVENT_SOURCE":"projects/locksuite-nueva/locations/us-central1/services/colectivosApi","FUNCTION_TARGET":"colectivosApi","LOG_EXECUTION_ID":"true"},"ingressSettings":null,"timeoutSeconds":null,"serviceAccountEmail":null,"availableMemory":"256Mi","minInstanceCount":null,"maxInstanceCount":null,"maxInstanceRequestConcurrency":80,"availableCpu":"1","vpcConnector":null,"vpcConnectorEgressSettings":null,"directVpcNetworkInterface":null,"directVpcEgress":null},"labels":{"deployment-tool":"cli-firebase","firebase-functions-hash":"5a7525cf6405c2b6359fbd5bb99735f5fc313704"}}
[debug] [2026-08-14T19:49:07.980Z] *** [apiv2] error from fetch(https://cloudfunctions.googleapis.com/v2/projects/locksuite-nueva/locations/us-central1/functions/colectivosApi?updateMask=name%2CbuildConfig.runtime%2CbuildConfig.entryPoint%2CbuildConfig.source.storageSource.bucket%2CbuildConfig.source.storageSource.object%2CbuildConfig.environmentVariables%2CbuildConfig.sourceToken%2CserviceConfig.environmentVariables%2CserviceConfig.ingressSettings%2CserviceConfig.timeoutSeconds%2CserviceConfig.serviceAccountEmail%2CserviceConfig.availableMemory%2CserviceConfig.minInstanceCount%2CserviceConfig.maxInstanceCount%2CserviceConfig.maxInstanceRequestConcurrency%2CserviceConfig.availableCpu%2CserviceConfig.vpcConnector%2CserviceConfig.vpcConnectorEgressSettings%2CserviceConfig.directVpcNetworkInterface%2CserviceConfig.directVpcEgress%2Clabels, {"headers":{},"method":"PATCH","body":"{\"name\":\"projects/locksuite-nueva/locations/us-central1/functions/colectivosApi\",\"buildConfig\":{\"runtime\":\"nodejs20\",\"entryPoint\":\"colectivosApi\",\"source\":{\"storageSource\":{\"bucket\":\"gcf-v2-uploads-687828714595.us-central1.cloudfunctions.appspot.com\",\"object\":\"998ca8a0-1fd6-4519-bcd0-d1117f06befb.zip\"}},\"environmentVariables\":{\"GOOGLE_NODE_RUN_SCRIPTS\":\"\"}},\"serviceConfig\":{\"environmentVariables\":{\"FIREBASE_CONFIG\":\"{\\\"projectId\\\":\\\"locksuite-nueva\\\",\\\"databaseURL\\\":\\\"https://locksuite-nueva-default-rtdb.firebaseio.com\\\",\\\"storageBucket\\\":\\\"locksuite-nueva.firebasestorage.app\\\"}\",\"GCLOUD_PROJECT\":\"locksuite-nueva\",\"EVENTARC_CLOUD_EVENT_SOURCE\":\"projects/locksuite-nueva/locations/us-central1/services/colectivosApi\",\"FUNCTION_TARGET\":\"colectivosApi\",\"LOG_EXECUTION_ID\":\"true\"},\"ingressSettings\":null,\"timeoutSeconds\":null,\"serviceAccountEmail\":null,\"availableMemory\":\"256Mi\",\"minInstanceCount\":null,\"maxInstanceCount\":null,\"maxInstanceRequestConcurrency\":80,\"availableCpu\":\"1\",\"vpcConnector\":null,\"vpcConnectorEgressSettings\":null,\"directVpcNetworkInterface\":null,\"directVpcEgress\":null},\"labels\":{\"deployment-tool\":\"cli-firebase\",\"firebase-functions-hash\":\"5a7525cf6405c2b6359fbd5bb99735f5fc313704\"}}"}): FetchError: request to https://cloudfunctions.googleapis.com/v2/projects/locksuite-nueva/locations/us-central1/functions/colectivosApi?updateMask=name%2CbuildConfig.runtime%2CbuildConfig.entryPoint%2CbuildConfig.source.storageSource.bucket%2CbuildConfig.source.storageSource.object%2CbuildConfig.environmentVariables%2CbuildConfig.sourceToken%2CserviceConfig.environmentVariables%2CserviceConfig.ingressSettings%2CserviceConfig.timeoutSeconds%2CserviceConfig.serviceAccountEmail%2CserviceConfig.availableMemory%2CserviceConfig.minInstanceCount%2CserviceConfig.maxInstanceCount%2CserviceConfig.maxInstanceRequestConcurrency%2CserviceConfig.availableCpu%2CserviceConfig.vpcConnector%2CserviceConfig.vpcConnectorEgressSettings%2CserviceConfig.directVpcNetworkInterface%2CserviceConfig.directVpcEgress%2Clabels failed, reason: read ECONNRESET
[debug] [2026-08-14T19:49:07.981Z] *** [apiv2] retrying https://cloudfunctions.googleapis.com/v2/projects/locksuite-nueva/locations/us-central1/functions/colectivosApi?updateMask=name%2CbuildConfig.runtime%2CbuildConfig.entryPoint%2CbuildConfig.source.storageSource.bucket%2CbuildConfig.source.storageSource.object%2CbuildConfig.environmentVariables%2CbuildConfig.sourceToken%2CserviceConfig.environmentVariables%2CserviceConfig.ingressSettings%2CserviceConfig.timeoutSeconds%2CserviceConfig.serviceAccountEmail%2CserviceConfig.availableMemory%2CserviceConfig.minInstanceCount%2CserviceConfig.maxInstanceCount%2CserviceConfig.maxInstanceRequestConcurrency%2CserviceConfig.availableCpu%2CserviceConfig.vpcConnector%2CserviceConfig.vpcConnectorEgressSettings%2CserviceConfig.directVpcNetworkInterface%2CserviceConfig.directVpcEgress%2Clabels without keep-alive after a premature close error
[debug] [2026-08-14T19:49:09.065Z] *** [apiv2] Attempting the request again. Attempt number 2
[debug] [2026-08-14T19:49:09.066Z] >>> [apiv2][query] PATCH https://cloudfunctions.googleapis.com/v2/projects/locksuite-nueva/locations/us-central1/functions/colectivosApi updateMask=name%2CbuildConfig.runtime%2CbuildConfig.entryPoint%2CbuildConfig.source.storageSource.bucket%2CbuildConfig.source.storageSource.object%2CbuildConfig.environmentVariables%2CbuildConfig.sourceToken%2CserviceConfig.environmentVariables%2CserviceConfig.ingressSettings%2CserviceConfig.timeoutSeconds%2CserviceConfig.serviceAccountEmail%2CserviceConfig.availableMemory%2CserviceConfig.minInstanceCount%2CserviceConfig.maxInstanceCount%2CserviceConfig.maxInstanceRequestConcurrency%2CserviceConfig.availableCpu%2CserviceConfig.vpcConnector%2CserviceConfig.vpcConnectorEgressSettings%2CserviceConfig.directVpcNetworkInterface%2CserviceConfig.directVpcEgress%2Clabels
[debug] [2026-08-14T19:49:09.066Z] >>> [apiv2][body] PATCH https://cloudfunctions.googleapis.com/v2/projects/locksuite-nueva/locations/us-central1/functions/colectivosApi {"name":"projects/locksuite-nueva/locations/us-central1/functions/colectivosApi","buildConfig":{"runtime":"nodejs20","entryPoint":"colectivosApi","source":{"storageSource":{"bucket":"gcf-v2-uploads-687828714595.us-central1.cloudfunctions.appspot.com","object":"998ca8a0-1fd6-4519-bcd0-d1117f06befb.zip"}},"environmentVariables":{"GOOGLE_NODE_RUN_SCRIPTS":""}},"serviceConfig":{"environmentVariables":{"FIREBASE_CONFIG":"{\"projectId\":\"locksuite-nueva\",\"databaseURL\":\"https://locksuite-nueva-default-rtdb.firebaseio.com\",\"storageBucket\":\"locksuite-nueva.firebasestorage.app\"}","GCLOUD_PROJECT":"locksuite-nueva","EVENTARC_CLOUD_EVENT_SOURCE":"projects/locksuite-nueva/locations/us-central1/services/colectivosApi","FUNCTION_TARGET":"colectivosApi","LOG_EXECUTION_ID":"true"},"ingressSettings":null,"timeoutSeconds":null,"serviceAccountEmail":null,"availableMemory":"256Mi","minInstanceCount":null,"maxInstanceCount":null,"maxInstanceRequestConcurrency":80,"availableCpu":"1","vpcConnector":null,"vpcConnectorEgressSettings":null,"directVpcNetworkInterface":null,"directVpcEgress":null},"labels":{"deployment-tool":"cli-firebase","firebase-functions-hash":"5a7525cf6405c2b6359fbd5bb99735f5fc313704"}}
[debug] [2026-08-14T19:49:09.199Z] *** [apiv2] error from fetch(https://cloudfunctions.googleapis.com/v2/projects/locksuite-nueva/locations/us-central1/functions/colectivosApi?updateMask=name%2CbuildConfig.runtime%2CbuildConfig.entryPoint%2CbuildConfig.source.storageSource.bucket%2CbuildConfig.source.storageSource.object%2CbuildConfig.environmentVariables%2CbuildConfig.sourceToken%2CserviceConfig.environmentVariables%2CserviceConfig.ingressSettings%2CserviceConfig.timeoutSeconds%2CserviceConfig.serviceAccountEmail%2CserviceConfig.availableMemory%2CserviceConfig.minInstanceCount%2CserviceConfig.maxInstanceCount%2CserviceConfig.maxInstanceRequestConcurrency%2CserviceConfig.availableCpu%2CserviceConfig.vpcConnector%2CserviceConfig.vpcConnectorEgressSettings%2CserviceConfig.directVpcNetworkInterface%2CserviceConfig.directVpcEgress%2Clabels, {"headers":{},"method":"PATCH","body":"{\"name\":\"projects/locksuite-nueva/locations/us-central1/functions/colectivosApi\",\"buildConfig\":{\"runtime\":\"nodejs20\",\"entryPoint\":\"colectivosApi\",\"source\":{\"storageSource\":{\"bucket\":\"gcf-v2-uploads-687828714595.us-central1.cloudfunctions.appspot.com\",\"object\":\"998ca8a0-1fd6-4519-bcd0-d1117f06befb.zip\"}},\"environmentVariables\":{\"GOOGLE_NODE_RUN_SCRIPTS\":\"\"}},\"serviceConfig\":{\"environmentVariables\":{\"FIREBASE_CONFIG\":\"{\\\"projectId\\\":\\\"locksuite-nueva\\\",\\\"databaseURL\\\":\\\"https://locksuite-nueva-default-rtdb.firebaseio.com\\\",\\\"storageBucket\\\":\\\"locksuite-nueva.firebasestorage.app\\\"}\",\"GCLOUD_PROJECT\":\"locksuite-nueva\",\"EVENTARC_CLOUD_EVENT_SOURCE\":\"projects/locksuite-nueva/locations/us-central1/services/colectivosApi\",\"FUNCTION_TARGET\":\"colectivosApi\",\"LOG_EXECUTION_ID\":\"true\"},\"ingressSettings\":null,\"timeoutSeconds\":null,\"serviceAccountEmail\":null,\"availableMemory\":\"256Mi\",\"minInstanceCount\":null,\"maxInstanceCount\":null,\"maxInstanceRequestConcurrency\":80,\"availableCpu\":\"1\",\"vpcConnector\":null,\"vpcConnectorEgressSettings\":null,\"directVpcNetworkInterface\":null,\"directVpcEgress\":null},\"labels\":{\"deployment-tool\":\"cli-firebase\",\"firebase-functions-hash\":\"5a7525cf6405c2b6359fbd5bb99735f5fc313704\"}}"}): FetchError: request to https://cloudfunctions.googleapis.com/v2/projects/locksuite-nueva/locations/us-central1/functions/colectivosApi?updateMask=name%2CbuildConfig.runtime%2CbuildConfig.entryPoint%2CbuildConfig.source.storageSource.bucket%2CbuildConfig.source.storageSource.object%2CbuildConfig.environmentVariables%2CbuildConfig.sourceToken%2CserviceConfig.environmentVariables%2CserviceConfig.ingressSettings%2CserviceConfig.timeoutSeconds%2CserviceConfig.serviceAccountEmail%2CserviceConfig.availableMemory%2CserviceConfig.minInstanceCount%2CserviceConfig.maxInstanceCount%2CserviceConfig.maxInstanceRequestConcurrency%2CserviceConfig.availableCpu%2CserviceConfig.vpcConnector%2CserviceConfig.vpcConnectorEgressSettings%2CserviceConfig.directVpcNetworkInterface%2CserviceConfig.directVpcEgress%2Clabels failed, reason: getaddrinfo ENOTFOUND cloudfunctions.googleapis.com
[warn] !  functions: Failed to make request to https://cloudfunctions.googleapis.com/v2/projects/locksuite-nueva/locations/us-central1/functions/colectivosApi?updateMask=name%2CbuildConfig.runtime%2CbuildConfig.entryPoint%2CbuildConfig.source.storageSource.bucket%2CbuildConfig.source.storageSource.object%2CbuildConfig.environmentVariables%2CbuildConfig.sourceToken%2CserviceConfig.environmentVariables%2CserviceConfig.ingressSettings%2CserviceConfig.timeoutSeconds%2CserviceConfig.serviceAccountEmail%2CserviceConfig.availableMemory%2CserviceConfig.minInstanceCount%2CserviceConfig.maxInstanceCount%2CserviceConfig.maxInstanceRequestConcurrency%2CserviceConfig.availableCpu%2CserviceConfig.vpcConnector%2CserviceConfig.vpcConnectorEgressSettings%2CserviceConfig.directVpcNetworkInterface%2CserviceConfig.directVpcEgress%2Clabels 
[warn] !  functions:  failed to update function projects/locksuite-nueva/locations/us-central1/functions/colectivosApi 
[error] Failed to update function projects/locksuite-nueva/locations/us-central1/functions/colectivosApi
[warn] !  functions: Deploys failed. Skipping deletes. 
[debug] [2026-08-14T19:49:09.381Z] Total Function Deployment time: 4397547
[debug] [2026-08-14T19:49:09.397Z] 2 Functions Deployed
[debug] [2026-08-14T19:49:09.400Z] 2 Functions Errored
[debug] [2026-08-14T19:49:09.400Z] 0 Function Deployments Aborted
[debug] [2026-08-14T19:49:09.400Z] Average Function Deployment time: 4396875.5
[info] 
[info] Functions deploy had errors with the following functions:
	colectivosApi(us-central1)
	sendCommandV8(us-central1)
[debug] [2026-08-14T19:49:09.441Z] Not printing URL for HTTPS function. Typically this means it didn't match a filter or we failed deployment
[debug] [2026-08-14T19:49:09.441Z] Not printing URL for HTTPS function. Typically this means it didn't match a filter or we failed deployment
[debug] [2026-08-14T19:49:09.442Z] No lifecycle hook configured for event: afterUpdate
[debug] [2026-08-14T19:49:09.503Z] No OAuth tokens found
[debug] [2026-08-14T19:49:09.503Z] >>> [apiv2][query] GET https://artifactregistry.googleapis.com/v1/projects/locksuite-nueva/locations/us-central1/repositories/gcf-artifacts [none]
[debug] [2026-08-14T19:49:10.852Z] *** [apiv2] retrying https://artifactregistry.googleapis.com/v1/projects/locksuite-nueva/locations/us-central1/repositories/gcf-artifacts without keep-alive after a premature close error
[debug] [2026-08-14T19:49:11.854Z] *** [apiv2] Attempting the request again. Attempt number 2
[debug] [2026-08-14T19:49:11.854Z] >>> [apiv2][query] GET https://artifactregistry.googleapis.com/v1/projects/locksuite-nueva/locations/us-central1/repositories/gcf-artifacts [none]
[debug] [2026-08-14T19:49:12.760Z] <<< [apiv2][status] GET https://artifactregistry.googleapis.com/v1/projects/locksuite-nueva/locations/us-central1/repositories/gcf-artifacts 401
[debug] [2026-08-14T19:49:12.761Z] <<< [apiv2][body] GET https://artifactregistry.googleapis.com/v1/projects/locksuite-nueva/locations/us-central1/repositories/gcf-artifacts {"error":{"code":401,"message":"Request had invalid authentication credentials. Expected OAuth 2 access token, login cookie or other valid authentication credential. See https://developers.google.com/identity/sign-in/web/devconsole-project.","status":"UNAUTHENTICATED","details":[{"@type":"type.googleapis.com/google.rpc.ErrorInfo","reason":"ACCESS_TOKEN_EXPIRED","domain":"googleapis.com","metadata":{"service":"artifactregistry.googleapis.com","method":"google.devtools.artifactregistry.v1.ArtifactRegistry.GetRepository"}}]}}
[debug] [2026-08-14T19:49:12.761Z] Got a 401 Unauthenticated error for a call that required authentication. Refreshing tokens.
[debug] [2026-08-14T19:49:12.764Z] No OAuth tokens found
[debug] [2026-08-14T19:49:12.766Z] No OAuth tokens found
[debug] [2026-08-14T19:49:12.767Z] > command requires scopes: ["email","openid","https://www.googleapis.com/auth/cloudplatformprojects.readonly","https://www.googleapis.com/auth/firebase","https://www.googleapis.com/auth/cloud-platform"]
[debug] [2026-08-14T19:49:13.522Z] Running auto auth
[debug] [2026-08-14T19:49:13.531Z] TypeError: Cannot read properties of undefined (reading 'access_token')
    at getAccessToken (C:\Users\israe\AppData\Roaming\npm\node_modules\firebase-tools\lib\apiv2.js:56:17)
    at process.processTicksAndRejections (node:internal/process/task_queues:104:5)
    at async RetryOperation._fn (C:\Users\israe\AppData\Roaming\npm\node_modules\firebase-tools\lib\apiv2.js:372:40)
[error] 
[error] Error: An unexpected error has occurred.
